// Jest Snapshot v1, https://goo.gl/fbAQLP

exports[`Header actions test should render Joke component 1`] = `
<BrowserRouter>
  <Router
    history={
      Object {
        "action": "POP",
        "block": [Function],
        "createHref": [Function],
        "go": [Function],
        "goBack": [Function],
        "goForward": [Function],
        "length": 1,
        "listen": [Function],
        "location": Object {
          "hash": "",
          "pathname": "/",
          "search": "",
          "state": undefined,
        },
        "push": [Function],
        "replace": [Function],
      }
    }
  >
    <HeaderActions>
      <div>
        <Button
          onClick={[Function]}
          text="Logout"
        >
          <button
            className="bg-blue-500 hover:bg-blue-700 text-white font-bold py-2 px-4 rounded"
            onClick={[Function]}
            type="button"
          >
            Logout
          </button>
        </Button>
      </div>
    </HeaderActions>
  </Router>
</BrowserRouter>
`;
