// Jest Snapshot v1, https://goo.gl/fbAQLP

exports[`Table test should render Joke component 1`] = `
<div
  className="flex flex-col"
>
  <div
    className="-my-2 overflow-x-auto"
  >
    <div
      className="py-2 align-middle inline-block min-w-full"
    >
      <div
        className="shadow overflow-hidden border-b border-gray-200 sm:rounded-lg"
      >
        <table
          className="min-w-full divide-y divide-gray-200"
        >
          <Thead />
          <Tbody
            data={
              Array [
                Object {
                  "id": 1,
                  "joke": "text",
                },
              ]
            }
            favorites={Array []}
            handleAddJokeToFav={[Function]}
            user={Object {}}
          />
        </table>
      </div>
    </div>
  </div>
</div>
`;
